// Jest Snapshot v1, https://goo.gl/fbAQLP

exports[`InteractiveIcon renders 1`] = `
<IconButton
  a11yText="This is an interactive icon"
  icon={[Function]}
  tag="button"
  variant="default"
>
  <Component
    theme={
      Object {
        "hoverBackgroundColor": "#d8d8d8",
      }
    }
  >
    <Styled(styled.button)
      as="button"
      variant="default"
    >
      <button
        className="sc-gueYoa sc-hLseeU fLYPYb kPavwg"
      >
        <A11yContent>
          <styled.span>
            <span
              className="sc-beqWaB fhdLXM"
            >
              This is an interactive icon
            </span>
          </styled.span>
        </A11yContent>
        <styled.span>
          <span
            className="sc-dmqHEX cfmyov"
          />
        </styled.span>
        <Dependent
          color="greyShark"
        >
          <Dependent
            color="greyShark"
          >
            <styled.svg
              color="greyShark"
              data-testid="dependentSvg"
              height="24"
              viewBox="0 0 24 24"
              width="24"
            >
              <svg
                aria-hidden={true}
                className="sc-irTswW jPPdXB"
                color="greyShark"
                data-testid="dependentSvg"
                focusable={false}
                height="24"
                viewBox="0 0 24 24"
                width="24"
              >
                <path
                  d="M12 24C5.383 24 0 18.617 0 12S5.383 0 12 0s12 5.383 12 12-5.383 12-12 12zm0-22.957C5.958 1.043 1.043 5.958 1.043 12c0 6.042 4.915 10.957 10.957 10.957 6.042 0 10.957-4.915 10.957-10.957 0-6.042-4.915-10.957-10.957-10.957zm-.697 11.654l-5.7-.176A.632.632 0 0 1 5 11.892v.21c0-.332.27-.605.602-.605h5.697v-.1l.178-5.791a.64.64 0 0 1 .63-.606h-.209c.334 0 .605.267.605.602v5.895h5.895c.335 0 .602.27.602.605v-.21a.64.64 0 0 1-.606.63l-5.79.178-.101.001v5.697a.605.605 0 0 1-.605.602h.21a.632.632 0 0 1-.63-.603l-.175-5.7z"
                  fillRule="nonzero"
                />
              </svg>
            </styled.svg>
          </Dependent>
        </Dependent>
      </button>
    </Styled(styled.button)>
  </Component>
</IconButton>
`;

exports[`InteractiveIcon renders Dependent icon with Link 1`] = `
<WithForwardedRef(Link)
  href="#"
  icon={[Function]}
  iconPosition="left"
>
  <Link
    forwardedRef={null}
    href="#"
    icon={[Function]}
    iconPosition="left"
    reactRouterLinkComponent={null}
    to={null}
  >
    <styled.a
      as="a"
      context={
        Object {
          "inheritColor": undefined,
        }
      }
      hasIcon={true}
      href="#"
      to={null}
    >
      <a
        className="sc-eDDNvR cpzQlI"
        href="#"
        to={null}
      >
        <Dependent
          color="greyShark"
          style={
            Object {
              "marginRight": "0.5rem",
            }
          }
        >
          <Dependent
            color="greyShark"
            style={
              Object {
                "marginRight": "0.5rem",
              }
            }
          >
            <styled.svg
              color="greyShark"
              data-testid="dependentSvg"
              height="24"
              style={
                Object {
                  "marginRight": "0.5rem",
                }
              }
              viewBox="0 0 24 24"
              width="24"
            >
              <svg
                aria-hidden={true}
                className="sc-irTswW jPPdXB"
                color="greyShark"
                data-testid="dependentSvg"
                focusable={false}
                height="24"
                style={
                  Object {
                    "marginRight": "0.5rem",
                  }
                }
                viewBox="0 0 24 24"
                width="24"
              >
                <path
                  d="M19.717 2c.612 0 1.198.235 1.61.646a2.275 2.275 0 01.135 3.086l-.138.148L7.11 20.093a2.215 2.215 0 01-.227.205l-.03.015-4.114 1.648a.544.544 0 01-.581-.119.536.536 0 01-.146-.495l.027-.087 1.644-4.118a.519.519 0 01.07-.124l.05-.056L18.107 2.646A2.281 2.281 0 0119.718 2zm-15.1 15.715l-1.11 2.776 2.772-1.11-1.663-1.666zM16.114 6.167L5.358 16.931l1.68 1.682 1.335-1.37c1.2-1.216 3.012-3.027 5.672-5.67l3.753-3.721-1.683-1.685zm4.454-2.753a1.222 1.222 0 00-1.595-.096l-.103.091-1.993 1.995 1.686 1.689 2.002-1.982c.23-.224.355-.524.355-.844a1.19 1.19 0 00-.352-.853z"
                  fillRule="evenodd"
                />
              </svg>
            </styled.svg>
          </Dependent>
        </Dependent>
        Edit
      </a>
    </styled.a>
  </Link>
</WithForwardedRef(Link)>
`;
