// Jest Snapshot v1, https://goo.gl/fbAQLP

exports[`Heading renders 1`] = `
<h2
  class="sc-aXZVg hFgKLd"
  data-testid="heading"
>
  The heading
</h2>
`;
