// Jest Snapshot v1, https://goo.gl/fbAQLP

exports[`Paragraph renders 1`] = `
<p
  class="sc-aXZVg evBDiw"
>
  Some content
</p>
`;
