// Jest Snapshot v1, https://goo.gl/fbAQLP

exports[`Text renders 1`] = `
<span
  class="sc-beqWaB jKjVFz"
>
  Some content
</span>
`;
