// Jest Snapshot v1, https://goo.gl/fbAQLP

exports[`TextButton renders 1`] = `
<button
  class="sc-aXZVg jLNTQQ"
>
  This is text
</button>
`;
